// Jest Snapshot v1, https://goo.gl/fbAQLP

exports[`Basic Graphql Form 1`] = `
<div>
  <div
    style="width: 400px;"
  >
    <div
      class="ant-spin ant-spin-spinning"
    >
      <span
        class="ant-spin-dot ant-spin-dot-spin"
      >
        <i
          class="ant-spin-dot-item"
        />
        <i
          class="ant-spin-dot-item"
        />
        <i
          class="ant-spin-dot-item"
        />
        <i
          class="ant-spin-dot-item"
        />
      </span>
    </div>
  </div>
</div>
`;
